// Jest Snapshot v1, https://goo.gl/fbAQLP

exports[`should render Header correctly 1`] = `
ShallowWrapper {
  Symbol(enzyme.__root__): [Circular],
  Symbol(enzyme.__unrendered__): <Header />,
  Symbol(enzyme.__renderer__): Object {
    "batchedUpdates": [Function],
    "getNode": [Function],
    "render": [Function],
    "simulateError": [Function],
    "simulateEvent": [Function],
    "unmount": [Function],
  },
  Symbol(enzyme.__node__): Object {
    "instance": null,
    "key": undefined,
    "nodeType": "host",
    "props": Object {
      "children": Array [
        <h1>
          Expensify
</h1>,
        <div
          className="menu"
>
          <NavLink
                    activeClassName="is-active"
                    exact={true}
                    to="/"
          >
                    Dash
          </NavLink>
          <NavLink
                    activeClassName="is-active"
                    to="/create"
          >
                    Create Expense
          </NavLink>
          <NavLink
                    activeClassName="is-active"
                    to="/help"
          >
                    Help
          </NavLink>
</div>,
      ],
    },
    "ref": null,
    "rendered": Array [
      Object {
        "instance": null,
        "key": undefined,
        "nodeType": "host",
        "props": Object {
          "children": "Expensify",
        },
        "ref": null,
        "rendered": "Expensify",
        "type": "h1",
      },
      Object {
        "instance": null,
        "key": undefined,
        "nodeType": "host",
        "props": Object {
          "children": Array [
            <NavLink
              activeClassName="is-active"
              exact={true}
              to="/"
>
              Dash
</NavLink>,
            <NavLink
              activeClassName="is-active"
              to="/create"
>
              Create Expense
</NavLink>,
            <NavLink
              activeClassName="is-active"
              to="/help"
>
              Help
</NavLink>,
          ],
          "className": "menu",
        },
        "ref": null,
        "rendered": Array [
          Object {
            "instance": null,
            "key": undefined,
            "nodeType": "function",
            "props": Object {
              "activeClassName": "is-active",
              "children": "Dash",
              "exact": true,
              "to": "/",
            },
            "ref": null,
            "rendered": "Dash",
            "type": [Function],
          },
          Object {
            "instance": null,
            "key": undefined,
            "nodeType": "function",
            "props": Object {
              "activeClassName": "is-active",
              "children": "Create Expense",
              "to": "/create",
            },
            "ref": null,
            "rendered": "Create Expense",
            "type": [Function],
          },
          Object {
            "instance": null,
            "key": undefined,
            "nodeType": "function",
            "props": Object {
              "activeClassName": "is-active",
              "children": "Help",
              "to": "/help",
            },
            "ref": null,
            "rendered": "Help",
            "type": [Function],
          },
        ],
        "type": "div",
      },
    ],
    "type": "header",
  },
  Symbol(enzyme.__nodes__): Array [
    Object {
      "instance": null,
      "key": undefined,
      "nodeType": "host",
      "props": Object {
        "children": Array [
          <h1>
            Expensify
</h1>,
          <div
            className="menu"
>
            <NavLink
                        activeClassName="is-active"
                        exact={true}
                        to="/"
            >
                        Dash
            </NavLink>
            <NavLink
                        activeClassName="is-active"
                        to="/create"
            >
                        Create Expense
            </NavLink>
            <NavLink
                        activeClassName="is-active"
                        to="/help"
            >
                        Help
            </NavLink>
</div>,
        ],
      },
      "ref": null,
      "rendered": Array [
        Object {
          "instance": null,
          "key": undefined,
          "nodeType": "host",
          "props": Object {
            "children": "Expensify",
          },
          "ref": null,
          "rendered": "Expensify",
          "type": "h1",
        },
        Object {
          "instance": null,
          "key": undefined,
          "nodeType": "host",
          "props": Object {
            "children": Array [
              <NavLink
                activeClassName="is-active"
                exact={true}
                to="/"
>
                Dash
</NavLink>,
              <NavLink
                activeClassName="is-active"
                to="/create"
>
                Create Expense
</NavLink>,
              <NavLink
                activeClassName="is-active"
                to="/help"
>
                Help
</NavLink>,
            ],
            "className": "menu",
          },
          "ref": null,
          "rendered": Array [
            Object {
              "instance": null,
              "key": undefined,
              "nodeType": "function",
              "props": Object {
                "activeClassName": "is-active",
                "children": "Dash",
                "exact": true,
                "to": "/",
              },
              "ref": null,
              "rendered": "Dash",
              "type": [Function],
            },
            Object {
              "instance": null,
              "key": undefined,
              "nodeType": "function",
              "props": Object {
                "activeClassName": "is-active",
                "children": "Create Expense",
                "to": "/create",
              },
              "ref": null,
              "rendered": "Create Expense",
              "type": [Function],
            },
            Object {
              "instance": null,
              "key": undefined,
              "nodeType": "function",
              "props": Object {
                "activeClassName": "is-active",
                "children": "Help",
                "to": "/help",
              },
              "ref": null,
              "rendered": "Help",
              "type": [Function],
            },
          ],
          "type": "div",
        },
      ],
      "type": "header",
    },
  ],
  Symbol(enzyme.__options__): Object {
    "adapter": ReactSixteenAdapter {
      "options": Object {
        "enableComponentDidUpdateOnSetState": true,
        "lifecycles": Object {
          "componentDidUpdate": Object {
            "onSetState": true,
          },
          "getDerivedStateFromProps": true,
          "getSnapshotBeforeUpdate": true,
          "setState": Object {
            "skipsComponentDidUpdateOnNullish": true,
          },
        },
      },
    },
  },
}
`;
